../Core/Src/main.c:85:5:main	16	static
../Core/Src/main.c:153:6:SystemClock_Config	88	static
../Core/Src/main.c:206:13:MX_ADC1_Init	24	static
../Core/Src/main.c:258:13:MX_USART1_UART_Init	8	static
../Core/Src/main.c:291:13:MX_GPIO_Init	40	static
../Core/Src/main.c:328:6:Buzzer_Alert	8	static
../Core/Src/main.c:336:10:Read_ADC_Value	16	static
../Core/Src/main.c:344:7:Calculate_RS	24	static
../Core/Src/main.c:351:7:RS_to_PPM	40	static
../Core/Src/main.c:369:6:Error_Handler	4	static,ignoring_inline_asm
